JobID: 5233081
Host: tc-xe003
Started: Mon May  4 02:54:33 PM EDT 2026
Python: /projects/simlai1/Viberank/VibeRank/.venv/bin/python
Python 3.12.12
Mon May  4 14:54:33 2026       
+-----------------------------------------------------------------------------------------+
| NVIDIA-SMI 580.105.08             Driver Version: 580.105.08     CUDA Version: 13.0     |
+-----------------------------------------+------------------------+----------------------+
| GPU  Name                 Persistence-M | Bus-Id          Disp.A | Volatile Uncorr. ECC |
| Fan  Temp   Perf          Pwr:Usage/Cap |           Memory-Usage | GPU-Util  Compute M. |
|                                         |                        |               MIG M. |
|=========================================+========================+======================|
|   0  NVIDIA H200                    On  |   00000000:9B:00.0 Off |                    0 |
| N/A   33C    P0             77W /  700W |       0MiB / 143771MiB |      0%      Default |
|                                         |                        |             Disabled |
+-----------------------------------------+------------------------+----------------------+

+-----------------------------------------------------------------------------------------+
| Processes:                                                                              |
|  GPU   GI   CI              PID   Type   Process name                        GPU Memory |
|        ID   ID                                                               Usage      |
|=========================================================================================|
|  No running processes found                                                             |
+-----------------------------------------------------------------------------------------+
parsing
/projects/simlai1/Viberank/data/VibeRank/raw/hmls/TAYVISPDAT/rc_responses/llama_TAY_20260501_140015.jsonl
Loaded 4350 response rows
Saved parsed results to: /projects/simlai1/Viberank/data/VibeRank/raw/hmls/TAYVISPDAT/rc_responses/llama_TAY_parsed.csv
parsing
/projects/simlai1/Viberank/data/VibeRank/raw/hmls/TAYVISPDAT/rc_responses/QWEN_TAY_20260430_235107.jsonl
Loaded 4350 response rows
Saved parsed results to: /projects/simlai1/Viberank/data/VibeRank/raw/hmls/TAYVISPDAT/rc_responses/ParsedQWEN_TAY.csv
parsing
/projects/simlai1/Viberank/data/VibeRank/raw/hmls/TAYVISPDAT/rc_responses/DS_TAY_20260501_140142.jsonl
Loaded 4350 response rows
Saved parsed results to: /projects/simlai1/Viberank/data/VibeRank/raw/hmls/TAYVISPDAT/rc_responses/DS_TAY_parsed.csv
Finished: Mon May  4 03:21:03 PM EDT 2026
