JobID: 5185188
Host: tc-xe003
Started: Wed Apr 29 06:37:51 PM EDT 2026
Python: /projects/simlai1/Viberank/VibeRank/.venv/bin/python
Python 3.12.12
Wed Apr 29 18:37:51 2026       
+-----------------------------------------------------------------------------------------+
| NVIDIA-SMI 580.105.08             Driver Version: 580.105.08     CUDA Version: 13.0     |
+-----------------------------------------+------------------------+----------------------+
| GPU  Name                 Persistence-M | Bus-Id          Disp.A | Volatile Uncorr. ECC |
| Fan  Temp   Perf          Pwr:Usage/Cap |           Memory-Usage | GPU-Util  Compute M. |
|                                         |                        |               MIG M. |
|=========================================+========================+======================|
|   0  NVIDIA H200                    On  |   00000000:CB:00.0 Off |                    0 |
| N/A   34C    P0             76W /  700W |       0MiB / 143771MiB |      0%      Default |
|                                         |                        |             Disabled |
+-----------------------------------------+------------------------+----------------------+

+-----------------------------------------------------------------------------------------+
| Processes:                                                                              |
|  GPU   GI   CI              PID   Type   Process name                        GPU Memory |
|        ID   ID                                                               Usage      |
|=========================================================================================|
|  No running processes found                                                             |
+-----------------------------------------------------------------------------------------+
parsing
/projects/simlai1/Viberank/data/VibeRank/raw/hmls/VISPDAT/rc_responses/LLAMA_vispdat_20260428_184821.jsonl
Loaded 4350 response rows
Saved parsed results to: /projects/simlai1/Viberank/data/VibeRank/raw/hmls/VISPDAT/rc_responses/ParseLLAMA_vispdat_20260428_184821.csv
parsing
/projects/simlai1/Viberank/data/VibeRank/raw/hmls/VISPDAT/rc_responses/deepseek8B_vispdat_20260428_203611.jsonl
Loaded 4350 response rows
Saved parsed results to: /projects/simlai1/Viberank/data/VibeRank/raw/hmls/VISPDAT/rc_responses/Parseddeepseek8B_vispdat_20260428_203611.csv
parsing
/projects/simlai1/Viberank/data/VibeRank/raw/hmls/VISPDAT/rc_responses/QWEN_vispdat_20260428_133227.jsonl
Loaded 4348 response rows
Saved parsed results to: /projects/simlai1/Viberank/data/VibeRank/raw/hmls/VISPDAT/rc_responses/QWEN_vispdat_20260428_133227.csv
Finished: Wed Apr 29 07:04:05 PM EDT 2026
