JobID: 5207918
Host: tc-xe006
Started: Sat May  2 03:00:02 AM EDT 2026
Python: /projects/simlai1/Viberank/VibeRank/.venv/bin/python
Python 3.12.12
Sat May  2 03:00:02 2026       
+-----------------------------------------------------------------------------------------+
| NVIDIA-SMI 580.105.08             Driver Version: 580.105.08     CUDA Version: 13.0     |
+-----------------------------------------+------------------------+----------------------+
| GPU  Name                 Persistence-M | Bus-Id          Disp.A | Volatile Uncorr. ECC |
| Fan  Temp   Perf          Pwr:Usage/Cap |           Memory-Usage | GPU-Util  Compute M. |
|                                         |                        |               MIG M. |
|=========================================+========================+======================|
|   0  NVIDIA H200                    On  |   00000000:BB:00.0 Off |                    0 |
| N/A   36C    P0             79W /  700W |       0MiB / 143771MiB |      0%      Default |
|                                         |                        |             Disabled |
+-----------------------------------------+------------------------+----------------------+

+-----------------------------------------------------------------------------------------+
| Processes:                                                                              |
|  GPU   GI   CI              PID   Type   Process name                        GPU Memory |
|        ID   ID                                                               Usage      |
|=========================================================================================|
|  No running processes found                                                             |
+-----------------------------------------------------------------------------------------+
parsing
/projects/simlai1/Viberank/data/VibeRank/raw/hmls/VIFSPDAT/rc_responses/LLAMA7_vifspdat_20260430_113012.jsonl
Loaded 4350 response rows
Saved parsed results to: /projects/simlai1/Viberank/data/VibeRank/raw/hmls/VIFSPDAT/rc_responses/ParseLLAMA_vifspdat.csv
parsing
/projects/simlai1/Viberank/data/VibeRank/raw/hmls/VIFSPDAT/rc_responses/QWEN_DeepSeek8b_20260430_190758.jsonl
Loaded 4350 response rows
Saved parsed results to: /projects/simlai1/Viberank/data/VibeRank/raw/hmls/VIFSPDAT/rc_responses/Parseddeepseek8B_vifspdat.csv
parsing
/projects/simlai1/Viberank/data/VibeRank/raw/hmls/VIFSPDAT/rc_responses/QWEN_vifspdat_20260430_150643.jsonl
Loaded 4350 response rows
Saved parsed results to: /projects/simlai1/Viberank/data/VibeRank/raw/hmls/VIFSPDAT/rc_responses/ParsedQWEN_vispdat.csv
Finished: Sat May  2 03:27:33 AM EDT 2026
